// Jest Snapshot v1, https://goo.gl/fbAQLP

exports[`AnonymousSettings renders correctly 1`] = `
<ContentBody
  className="nxrm-anonymous-settings"
>
  <SettingsSection
    isLoading={true}
  >
    <Component
      labelText="Access:"
    >
      <Checkbox
        checkboxId="enabled"
        isChecked={false}
        onChange={[Function]}
      >
        Allow anonymous users to access the server
      </Checkbox>
    </Component>
    <Component
      labelText="Username:"
    >
      <Textfield
        className="nxrm-anonymous-settings-field"
        isRequired={false}
        name="userId"
        onChange={[Function]}
        value=""
      />
    </Component>
    <Component
      labelText="Realm:"
    >
      <Select
        className="nxrm-anonymous-settings-field"
        name="realmName"
        onChange={[Function]}
        value=""
      />
    </Component>
    <Component>
      <Button
        disabled={true}
        onClick={[Function]}
        variant="primary"
      >
        Save
      </Button>
      <Button
        disabled={true}
        onClick={[Function]}
      >
        Discard
      </Button>
    </Component>
  </SettingsSection>
</ContentBody>
`;
