// Jest Snapshot v1, https://goo.gl/fbAQLP

exports[`AnonymousSettings renders correctly 1`] = `
<ContentBody
  className="nxrm-anonymous-settings"
>
  <SettingsSection
    isLoading={true}
  >
    <Component
      labelText="Access:"
    >
      <ForwardRef(NxCheckbox)
        isChecked={false}
        name="enabled"
        onChange={[Function]}
      >
        Allow anonymous users to access the server
      </ForwardRef(NxCheckbox)>
    </Component>
    <Component
      labelText="Username:"
    >
      <Textfield
        className="nxrm-anonymous-settings-field"
        isRequired={false}
        name="userId"
        onChange={[Function]}
        value=""
      />
    </Component>
    <Component
      labelText="Realm:"
    >
      <Select
        className="nxrm-anonymous-settings-field"
        name="realmName"
        onChange={[Function]}
        value=""
      />
    </Component>
    <Component>
      <ForwardRef(NxButton)
        disabled={true}
        onClick={[Function]}
        variant="primary"
      >
        Save
      </ForwardRef(NxButton)>
      <ForwardRef(NxButton)
        disabled={true}
        onClick={[Function]}
      >
        Discard
      </ForwardRef(NxButton)>
    </Component>
  </SettingsSection>
</ContentBody>
`;
