// Jest Snapshot v1, https://goo.gl/fbAQLP

exports[`Select renders correctly 1`] = `
<div>
  <div
    class="nxrm-select"
  >
    <select
      class="nx-form-select"
    >
      <option
        value="1"
      >
        1
      </option>
      <option
        value="2"
      >
        2
      </option>
    </select>
  </div>
</div>
`;
